docker-compose :  Image 
nexthire-nexthire-app 
Building 
At line:1 char:1
+ docker-compose build > 
build_output.txt 2>&1 ; 
cat build_output.txt
+ ~~~~~~~~~~~~~~~~~~~~~~~~
~~~~~~~~~~~~~~~~~~~~
    + CategoryInfo        
      : NotSpecified: (   
  Image nexthire-nexthi   
 re-app Building :Stri    
ng) [], RemoteExcepti    
on
    + FullyQualifiedError 
   Id : NativeCommandErr  
  or
 
#1 [internal] load local bake definitions
#1 reading from stdin 623B done
#1 DONE 0.0s

#2 [internal] load build definition from Dockerfile
#2 transferring dockerfile: 1.32kB 0.0s done
#2 WARN: FromAsCasing: 'as' and 'FROM' keywords' casing do not match (line 5)
#2 DONE 0.0s

#3 [internal] load metadata for docker.io/library/python:3.11-slim
#3 DONE 0.0s

#4 [internal] load .dockerignore
#4 transferring context: 82B done
#4 DONE 0.0s

#5 [internal] load build context
#5 DONE 0.0s

#6 [builder 1/5] FROM docker.io/library/python:3.11-slim@sha256:e031123e3d85762b141ad1cbc56452ba69c6e722ebf2f042cc0dc86c47c0d8b3
#6 resolve docker.io/library/python:3.11-slim@sha256:e031123e3d85762b141ad1cbc56452ba69c6e722ebf2f042cc0dc86c47c0d8b3
#6 resolve docker.io/library/python:3.11-slim@sha256:e031123e3d85762b141ad1cbc56452ba69c6e722ebf2f042cc0dc86c47c0d8b3 0.0s done
#6 DONE 0.0s

#7 [builder 2/5] WORKDIR /app
#7 CACHED

#5 [internal] load build context
#5 transferring context: 57.10kB 0.0s done
#5 ERROR: invalid file request backend/app/ai/gemini_client.py

#8 [builder 3/5] RUN apt-get update && apt-get install -y --no-install-recommends     build-essential     && rm -rf /var/lib/apt/lists/*
#8 CANCELED
------
 > [internal] load build context:
------
failed to solve: invalid 
file request backend/app/a
i/gemini_client.py

